2026-02-18 00:41:10 | INFO | bot_middleman | Bot Wa22#6759 ON
2026-02-18 00:41:33 | INFO | bot_middleman | Canal de logs configurado guild_id=1289374360515252337 canal_id=1473524641053020170 por user_id=318862603722162177
2026-02-18 01:01:16 | INFO | bot_middleman | Bot Wa22#6759 ON
2026-02-18 01:08:16 | INFO | bot_middleman | Canal de logs configurado guild_id=1472677913399791652 canal_id=1473531494432641034 por user_id=318862603722162177
2026-02-18 01:11:49 | INFO | bot_middleman | Bot Wa22#6759 ON
2026-02-18 01:13:14 | INFO | bot_middleman | Ticket fechado: 📩-ticket-4 (`1473532493943672872`)
Tipo: pix
Criador: <@1360820615539458151> (`1360820615539458151`)
Middle: <@318862603722162177> (`318862603722162177`)
Fechado por: <@318862603722162177> (`318862603722162177`)
Participantes:
Nenhum participante adicional registrado.
2026-02-18 01:20:05 | INFO | bot_middleman | Bot Wa22#6759 ON
2026-02-18 01:21:25 | INFO | bot_middleman | Ticket fechado: 🔃-ticket-5 (`1473534542936801436`)
Tipo: pix
Criador: <@1360820615539458151> (`1360820615539458151`)
Middle: <@318862603722162177> (`318862603722162177`)
Fechado por: <@318862603722162177> (`318862603722162177`)
Participantes:
Nenhum participante adicional registrado.
2026-02-18 01:25:52 | INFO | bot_middleman | Ticket fechado: 💠-ticket-middle-brainrot-1 (`1473535025885614231`)
Tipo: brainrot
Criador: <@1360820615539458151> (`1360820615539458151`)
Middle: <@318862603722162177> (`318862603722162177`)
Fechado por: <@318862603722162177> (`318862603722162177`)
Participantes:
Nenhum participante adicional registrado.
2026-02-18 01:26:22 | INFO | bot_middleman | Bot Wa22#6759 ON
2026-02-18 01:29:12 | INFO | bot_middleman | Ticket fechado: 💱-ticket-middle-trade-1 (`1473536172163858628`)
Tipo: trade
Criador: <@1360820615539458151> (`1360820615539458151`)
Middle: <@318862603722162177> (`318862603722162177`)
Fechado por: <@318862603722162177> (`318862603722162177`)
Participantes:
Nenhum participante adicional registrado.
2026-02-18 01:42:21 | INFO | bot_middleman | Ticket fechado: 💱-ticket-middle-trade-1 (`1473537860866150441`)
Tipo: trade
Criador: <@850159813756715109> (`850159813756715109`)
Middle: <@318862603722162177> (`318862603722162177`)
Fechado por: <@318862603722162177> (`318862603722162177`)
Participantes:
Nenhum participante adicional registrado.
2026-02-18 18:15:53 | INFO | bot_middleman | Bot Wa22#6759 ON
2026-02-18 18:15:57 | INFO | bot_middleman | Recuperacao de tickets concluida: recuperados=0 removidos=9
2026-02-18 18:18:19 | INFO | bot_middleman | Ticket fechado: 🔃-ticket-6 (`1473790211765964991`)
Tipo: pix
Criador: <@378519143542161409> (`378519143542161409`)
Middle: <@318862603722162177> (`318862603722162177`)
Fechado por: <@318862603722162177> (`318862603722162177`)
Participantes:
Nenhum participante adicional registrado.
2026-02-18 18:24:45 | INFO | bot_middleman | Ticket fechado: 🔃-ticket-8 (`1473791133296361594`)
Tipo: pix
Criador: <@318862603722162177> (`318862603722162177`)
Middle: <@850159813756715109> (`850159813756715109`)
Fechado por: <@318862603722162177> (`318862603722162177`)
Participantes:
Nenhum participante adicional registrado.
2026-02-18 18:34:24 | INFO | bot_middleman | Bot Wa22#6759 ON
2026-02-18 18:34:26 | INFO | bot_middleman | Recuperacao de tickets concluida: recuperados=0 removidos=1
2026-02-18 18:39:43 | INFO | bot_middleman | Bot Wa22#6759 ON
